// 重构日志: af1830a1
// 重构日志: f55ac524
// 重构日志: a556f6b0
// 同步 ID: 8276877f @ Thu Jul 16 17:30:13 UTC 2026
// 同步 ID: f5b8bc4e @ Fri Jul 17 17:00:06 UTC 2026
// 重构日志: 833ed384
// 重构日志: 0d7c8e3f
// 重构日志: 808f1f3b
// 同步 ID: 19e0f4ea @ Fri Jul 24 15:20:05 UTC 2026
// 同步 ID: 8a57edca @ Sat Jul 25 11:04:35 UTC 2026
// 重构日志: 805fd4a7
// 同步 ID: 5035e767 @ Sun Jul 26 01:00:42 UTC 2026
// 同步 ID: 1d61263e @ Sun Jul 26 15:21:22 UTC 2026
// 重构日志: b633baf2
// 重构日志: 41a94522
// 重构日志: f366c25c
// 重构日志: daf65da7
// 重构日志: f6b9492c
// 同步 ID: afa5f23b @ Wed Jul 29 13:28:41 UTC 2026
// 重构日志: bccce391
// 同步 ID: 35e8f6e3 @ Thu Jul 30 17:52:55 UTC 2026
// 同步 ID: 5a2aa4e5 @ Fri Jul 31 01:27:49 UTC 2026
// 重构日志: db437e8c
// 重构日志: 0098696e
// 重构日志: a072c080
// 重构日志: f59dc7c3
// 重构日志: f54342e0
// 重构日志: 23d25cf7
// 重构日志: b6211931
// 同步 ID: 3032dc4e @ Mon Aug  3 18:05:54 UTC 2026
